11:28:02.227 AM PushEmail START
11:28:02.274 AM IsOnline
11:28:03.368 AM {
  "Host": "email.vnpt.vn",
  "Port": 587,
  "UserCredential": "portal-noreply.kha@vnpt.vn",
  "UserCredentialName": "VNPT_CRM",
  "UPass": "G3g@Ht%H",
  "EnableSsl": false
}
11:28:05.586 AM PushEmail END
11:28:59.602 AM PushEmail START
11:28:59.618 AM IsOnline
11:28:59.618 AM {
  "Host": "email.vnpt.vn",
  "Port": 587,
  "UserCredential": "portal-noreply.kha@vnpt.vn",
  "UserCredentialName": "VNPT_CRM",
  "UPass": "G3g@Ht%H",
  "EnableSsl": false
}
11:29:01.446 AM PushEmail END
02:34:30.560 PM PushEmail START
02:34:30.591 PM IsOnline
02:34:30.591 PM {
  "Host": "email.vnpt.vn",
  "Port": 587,
  "UserCredential": "portal-noreply.kha@vnpt.vn",
  "UserCredentialName": "VNPT_CRM",
  "UPass": "G3g@Ht%H",
  "EnableSsl": false
}
02:34:31.560 PM PushEmail END
02:34:33.341 PM PushEmail START
02:34:33.357 PM IsOnline
02:34:33.357 PM {
  "Host": "email.vnpt.vn",
  "Port": 587,
  "UserCredential": "portal-noreply.kha@vnpt.vn",
  "UserCredentialName": "VNPT_CRM",
  "UPass": "G3g@Ht%H",
  "EnableSsl": false
}
02:34:34.341 PM PushEmail END
02:34:35.763 PM PushEmail START
02:34:35.779 PM IsOnline
02:34:35.779 PM {
  "Host": "email.vnpt.vn",
  "Port": 587,
  "UserCredential": "portal-noreply.kha@vnpt.vn",
  "UserCredentialName": "VNPT_CRM",
  "UPass": "G3g@Ht%H",
  "EnableSsl": false
}
02:34:36.810 PM PushEmail END
02:34:38.560 PM PushEmail START
02:34:38.591 PM IsOnline
02:34:38.591 PM {
  "Host": "email.vnpt.vn",
  "Port": 587,
  "UserCredential": "portal-noreply.kha@vnpt.vn",
  "UserCredentialName": "VNPT_CRM",
  "UPass": "G3g@Ht%H",
  "EnableSsl": false
}
02:34:39.638 PM PushEmail END
02:34:41.467 PM PushEmail START
02:34:41.498 PM IsOnline
02:34:41.498 PM {
  "Host": "email.vnpt.vn",
  "Port": 587,
  "UserCredential": "portal-noreply.kha@vnpt.vn",
  "UserCredentialName": "VNPT_CRM",
  "UPass": "G3g@Ht%H",
  "EnableSsl": false
}
02:34:42.967 PM PushEmail END
02:34:44.810 PM PushEmail START
02:34:44.826 PM IsOnline
02:34:44.826 PM {
  "Host": "email.vnpt.vn",
  "Port": 587,
  "UserCredential": "portal-noreply.kha@vnpt.vn",
  "UserCredentialName": "VNPT_CRM",
  "UPass": "G3g@Ht%H",
  "EnableSsl": false
}
02:34:45.717 PM PushEmail END
02:34:47.154 PM PushEmail START
02:34:47.170 PM IsOnline
02:34:47.170 PM {
  "Host": "email.vnpt.vn",
  "Port": 587,
  "UserCredential": "portal-noreply.kha@vnpt.vn",
  "UserCredentialName": "VNPT_CRM",
  "UPass": "G3g@Ht%H",
  "EnableSsl": false
}
02:34:48.045 PM PushEmail END
02:34:49.482 PM PushEmail START
02:34:49.498 PM IsOnline
02:34:49.498 PM {
  "Host": "email.vnpt.vn",
  "Port": 587,
  "UserCredential": "portal-noreply.kha@vnpt.vn",
  "UserCredentialName": "VNPT_CRM",
  "UPass": "G3g@Ht%H",
  "EnableSsl": false
}
02:34:50.373 PM PushEmail END
02:34:52.154 PM PushEmail START
02:34:52.170 PM IsOnline
02:34:52.170 PM {
  "Host": "email.vnpt.vn",
  "Port": 587,
  "UserCredential": "portal-noreply.kha@vnpt.vn",
  "UserCredentialName": "VNPT_CRM",
  "UPass": "G3g@Ht%H",
  "EnableSsl": false
}
02:34:53.154 PM PushEmail END
02:34:54.935 PM PushEmail START
02:34:54.967 PM IsOnline
02:34:54.967 PM {
  "Host": "email.vnpt.vn",
  "Port": 587,
  "UserCredential": "portal-noreply.kha@vnpt.vn",
  "UserCredentialName": "VNPT_CRM",
  "UPass": "G3g@Ht%H",
  "EnableSsl": false
}
02:34:55.842 PM PushEmail END
02:34:57.467 PM PushEmail START
02:34:57.482 PM IsOnline
02:34:57.482 PM {
  "Host": "email.vnpt.vn",
  "Port": 587,
  "UserCredential": "portal-noreply.kha@vnpt.vn",
  "UserCredentialName": "VNPT_CRM",
  "UPass": "G3g@Ht%H",
  "EnableSsl": false
}
02:34:58.357 PM PushEmail END
02:34:59.888 PM PushEmail START
02:34:59.904 PM IsOnline
02:34:59.920 PM {
  "Host": "email.vnpt.vn",
  "Port": 587,
  "UserCredential": "portal-noreply.kha@vnpt.vn",
  "UserCredentialName": "VNPT_CRM",
  "UPass": "G3g@Ht%H",
  "EnableSsl": false
}
02:35:00.498 PM PushEmail START
02:35:00.513 PM IsOnline
02:35:00.513 PM {
  "Host": "email.vnpt.vn",
  "Port": 587,
  "UserCredential": "portal-noreply.kha@vnpt.vn",
  "UserCredentialName": "VNPT_CRM",
  "UPass": "G3g@Ht%H",
  "EnableSsl": false
}
02:35:00.826 PM PushEmail END
02:35:01.373 PM PushEmail END
02:35:02.279 PM PushEmail START
02:35:02.295 PM IsOnline
02:35:02.310 PM {
  "Host": "email.vnpt.vn",
  "Port": 587,
  "UserCredential": "portal-noreply.kha@vnpt.vn",
  "UserCredentialName": "VNPT_CRM",
  "UPass": "G3g@Ht%H",
  "EnableSsl": false
}
02:35:02.732 PM PushEmail START
02:35:02.748 PM IsOnline
02:35:02.748 PM {
  "Host": "email.vnpt.vn",
  "Port": 587,
  "UserCredential": "portal-noreply.kha@vnpt.vn",
  "UserCredentialName": "VNPT_CRM",
  "UPass": "G3g@Ht%H",
  "EnableSsl": false
}
02:35:03.248 PM PushEmail END
02:35:03.607 PM PushEmail END
02:35:04.685 PM PushEmail START
02:35:04.701 PM IsOnline
02:35:04.717 PM {
  "Host": "email.vnpt.vn",
  "Port": 587,
  "UserCredential": "portal-noreply.kha@vnpt.vn",
  "UserCredentialName": "VNPT_CRM",
  "UPass": "G3g@Ht%H",
  "EnableSsl": false
}
02:35:05.201 PM PushEmail START
02:35:05.217 PM IsOnline
02:35:05.232 PM {
  "Host": "email.vnpt.vn",
  "Port": 587,
  "UserCredential": "portal-noreply.kha@vnpt.vn",
  "UserCredentialName": "VNPT_CRM",
  "UPass": "G3g@Ht%H",
  "EnableSsl": false
}
02:35:06.138 PM PushEmail END
02:35:07.842 PM PushEmail START
02:35:07.857 PM IsOnline
02:35:07.873 PM {
  "Host": "email.vnpt.vn",
  "Port": 587,
  "UserCredential": "portal-noreply.kha@vnpt.vn",
  "UserCredentialName": "VNPT_CRM",
  "UPass": "G3g@Ht%H",
  "EnableSsl": false
}
02:35:08.154 PM PushEmail END
02:35:08.810 PM PushEmail END
02:35:10.404 PM PushEmail START
02:35:10.420 PM IsOnline
02:35:10.420 PM {
  "Host": "email.vnpt.vn",
  "Port": 587,
  "UserCredential": "portal-noreply.kha@vnpt.vn",
  "UserCredentialName": "VNPT_CRM",
  "UPass": "G3g@Ht%H",
  "EnableSsl": false
}
02:35:11.373 PM PushEmail END
02:35:13.029 PM PushEmail START
02:35:13.045 PM IsOnline
02:35:13.045 PM {
  "Host": "email.vnpt.vn",
  "Port": 587,
  "UserCredential": "portal-noreply.kha@vnpt.vn",
  "UserCredentialName": "VNPT_CRM",
  "UPass": "G3g@Ht%H",
  "EnableSsl": false
}
02:35:14.529 PM PushEmail END
02:35:15.935 PM PushEmail START
02:35:15.967 PM IsOnline
02:35:15.967 PM {
  "Host": "email.vnpt.vn",
  "Port": 587,
  "UserCredential": "portal-noreply.kha@vnpt.vn",
  "UserCredentialName": "VNPT_CRM",
  "UPass": "G3g@Ht%H",
  "EnableSsl": false
}
02:35:16.904 PM PushEmail END
02:35:18.482 PM PushEmail START
02:35:18.498 PM IsOnline
02:35:18.498 PM {
  "Host": "email.vnpt.vn",
  "Port": 587,
  "UserCredential": "portal-noreply.kha@vnpt.vn",
  "UserCredentialName": "VNPT_CRM",
  "UPass": "G3g@Ht%H",
  "EnableSsl": false
}
02:35:19.451 PM PushEmail END
02:35:21.107 PM PushEmail START
02:35:21.123 PM IsOnline
02:35:21.123 PM {
  "Host": "email.vnpt.vn",
  "Port": 587,
  "UserCredential": "portal-noreply.kha@vnpt.vn",
  "UserCredentialName": "VNPT_CRM",
  "UPass": "G3g@Ht%H",
  "EnableSsl": false
}
02:35:21.998 PM PushEmail END
02:35:23.623 PM PushEmail START
02:35:23.638 PM IsOnline
02:35:23.638 PM {
  "Host": "email.vnpt.vn",
  "Port": 587,
  "UserCredential": "portal-noreply.kha@vnpt.vn",
  "UserCredentialName": "VNPT_CRM",
  "UPass": "G3g@Ht%H",
  "EnableSsl": false
}
02:35:24.576 PM PushEmail END
02:35:26.107 PM PushEmail START
02:35:26.123 PM IsOnline
02:35:26.123 PM {
  "Host": "email.vnpt.vn",
  "Port": 587,
  "UserCredential": "portal-noreply.kha@vnpt.vn",
  "UserCredentialName": "VNPT_CRM",
  "UPass": "G3g@Ht%H",
  "EnableSsl": false
}
02:35:27.060 PM PushEmail END
02:35:28.560 PM PushEmail START
02:35:28.576 PM IsOnline
02:35:28.576 PM {
  "Host": "email.vnpt.vn",
  "Port": 587,
  "UserCredential": "portal-noreply.kha@vnpt.vn",
  "UserCredentialName": "VNPT_CRM",
  "UPass": "G3g@Ht%H",
  "EnableSsl": false
}
02:35:30.607 PM PushEmail END
02:35:32.420 PM PushEmail START
02:35:32.435 PM IsOnline
02:35:32.435 PM {
  "Host": "email.vnpt.vn",
  "Port": 587,
  "UserCredential": "portal-noreply.kha@vnpt.vn",
  "UserCredentialName": "VNPT_CRM",
  "UPass": "G3g@Ht%H",
  "EnableSsl": false
}
02:35:33.342 PM PushEmail END
02:35:34.998 PM PushEmail START
02:35:35.029 PM IsOnline
02:35:35.029 PM {
  "Host": "email.vnpt.vn",
  "Port": 587,
  "UserCredential": "portal-noreply.kha@vnpt.vn",
  "UserCredentialName": "VNPT_CRM",
  "UPass": "G3g@Ht%H",
  "EnableSsl": false
}
02:35:36.435 PM PushEmail END
02:37:42.342 PM PushEmail START
02:37:42.357 PM IsOnline
02:37:42.373 PM {
  "Host": "email.vnpt.vn",
  "Port": 587,
  "UserCredential": "portal-noreply.kha@vnpt.vn",
  "UserCredentialName": "VNPT_CRM",
  "UPass": "G3g@Ht%H",
  "EnableSsl": false
}
02:37:43.295 PM PushEmail END
02:37:44.998 PM PushEmail START
02:37:45.014 PM IsOnline
02:37:45.014 PM {
  "Host": "email.vnpt.vn",
  "Port": 587,
  "UserCredential": "portal-noreply.kha@vnpt.vn",
  "UserCredentialName": "VNPT_CRM",
  "UPass": "G3g@Ht%H",
  "EnableSsl": false
}
02:37:47.232 PM PushEmail END
02:37:48.686 PM PushEmail START
02:37:48.701 PM IsOnline
02:37:48.717 PM {
  "Host": "email.vnpt.vn",
  "Port": 587,
  "UserCredential": "portal-noreply.kha@vnpt.vn",
  "UserCredentialName": "VNPT_CRM",
  "UPass": "G3g@Ht%H",
  "EnableSsl": false
}
02:37:49.623 PM PushEmail END
02:37:51.404 PM PushEmail START
02:37:51.420 PM IsOnline
02:37:51.420 PM {
  "Host": "email.vnpt.vn",
  "Port": 587,
  "UserCredential": "portal-noreply.kha@vnpt.vn",
  "UserCredentialName": "VNPT_CRM",
  "UPass": "G3g@Ht%H",
  "EnableSsl": false
}
02:37:52.264 PM PushEmail END
02:37:53.842 PM PushEmail START
02:37:53.857 PM IsOnline
02:37:53.873 PM {
  "Host": "email.vnpt.vn",
  "Port": 587,
  "UserCredential": "portal-noreply.kha@vnpt.vn",
  "UserCredentialName": "VNPT_CRM",
  "UPass": "G3g@Ht%H",
  "EnableSsl": false
}
02:37:54.889 PM PushEmail END
02:37:56.311 PM PushEmail START
02:37:56.342 PM IsOnline
02:37:56.342 PM {
  "Host": "email.vnpt.vn",
  "Port": 587,
  "UserCredential": "portal-noreply.kha@vnpt.vn",
  "UserCredentialName": "VNPT_CRM",
  "UPass": "G3g@Ht%H",
  "EnableSsl": false
}
02:37:57.264 PM PushEmail END
02:37:58.967 PM PushEmail START
02:37:58.998 PM IsOnline
02:37:58.998 PM {
  "Host": "email.vnpt.vn",
  "Port": 587,
  "UserCredential": "portal-noreply.kha@vnpt.vn",
  "UserCredentialName": "VNPT_CRM",
  "UPass": "G3g@Ht%H",
  "EnableSsl": false
}
02:38:00.404 PM PushEmail END
02:38:01.873 PM PushEmail START
02:38:01.889 PM IsOnline
02:38:01.904 PM {
  "Host": "email.vnpt.vn",
  "Port": 587,
  "UserCredential": "portal-noreply.kha@vnpt.vn",
  "UserCredentialName": "VNPT_CRM",
  "UPass": "G3g@Ht%H",
  "EnableSsl": false
}
02:38:02.826 PM PushEmail END
02:38:04.529 PM PushEmail START
02:38:04.545 PM IsOnline
02:38:04.561 PM {
  "Host": "email.vnpt.vn",
  "Port": 587,
  "UserCredential": "portal-noreply.kha@vnpt.vn",
  "UserCredentialName": "VNPT_CRM",
  "UPass": "G3g@Ht%H",
  "EnableSsl": false
}
02:38:05.561 PM PushEmail END
02:38:07.217 PM PushEmail START
02:38:07.248 PM IsOnline
02:38:07.248 PM {
  "Host": "email.vnpt.vn",
  "Port": 587,
  "UserCredential": "portal-noreply.kha@vnpt.vn",
  "UserCredentialName": "VNPT_CRM",
  "UPass": "G3g@Ht%H",
  "EnableSsl": false
}
02:38:08.217 PM PushEmail END
02:38:09.998 PM PushEmail START
02:38:10.014 PM IsOnline
02:38:10.029 PM {
  "Host": "email.vnpt.vn",
  "Port": 587,
  "UserCredential": "portal-noreply.kha@vnpt.vn",
  "UserCredentialName": "VNPT_CRM",
  "UPass": "G3g@Ht%H",
  "EnableSsl": false
}
02:38:11.092 PM PushEmail END
02:38:12.842 PM PushEmail START
02:38:12.873 PM IsOnline
02:38:12.873 PM {
  "Host": "email.vnpt.vn",
  "Port": 587,
  "UserCredential": "portal-noreply.kha@vnpt.vn",
  "UserCredentialName": "VNPT_CRM",
  "UPass": "G3g@Ht%H",
  "EnableSsl": false
}
02:38:13.779 PM PushEmail END
02:38:15.592 PM PushEmail START
02:38:15.608 PM IsOnline
02:38:15.623 PM {
  "Host": "email.vnpt.vn",
  "Port": 587,
  "UserCredential": "portal-noreply.kha@vnpt.vn",
  "UserCredentialName": "VNPT_CRM",
  "UPass": "G3g@Ht%H",
  "EnableSsl": false
}
02:38:16.545 PM PushEmail END
02:38:17.983 PM PushEmail START
02:38:18.014 PM IsOnline
02:38:18.014 PM {
  "Host": "email.vnpt.vn",
  "Port": 587,
  "UserCredential": "portal-noreply.kha@vnpt.vn",
  "UserCredentialName": "VNPT_CRM",
  "UPass": "G3g@Ht%H",
  "EnableSsl": false
}
02:38:18.873 PM PushEmail END
05:20:23.438 PM PushEmail START
05:20:23.454 PM IsOnline
05:20:23.469 PM {
  "Host": "email.vnpt.vn",
  "Port": 587,
  "UserCredential": "portal-noreply.kha@vnpt.vn",
  "UserCredentialName": "VNPT_CRM",
  "UPass": "G3g@Ht%H",
  "EnableSsl": false
}
05:20:24.985 PM PushEmail END
05:20:26.594 PM PushEmail START
05:20:26.610 PM IsOnline
05:20:26.610 PM {
  "Host": "email.vnpt.vn",
  "Port": 587,
  "UserCredential": "portal-noreply.kha@vnpt.vn",
  "UserCredentialName": "VNPT_CRM",
  "UPass": "G3g@Ht%H",
  "EnableSsl": false
}
05:20:27.641 PM PushEmail END
05:20:29.079 PM PushEmail START
05:20:29.094 PM IsOnline
05:20:29.094 PM {
  "Host": "email.vnpt.vn",
  "Port": 587,
  "UserCredential": "portal-noreply.kha@vnpt.vn",
  "UserCredentialName": "VNPT_CRM",
  "UPass": "G3g@Ht%H",
  "EnableSsl": false
}
05:20:30.079 PM PushEmail END
05:20:31.516 PM PushEmail START
05:20:31.532 PM IsOnline
05:20:31.532 PM {
  "Host": "email.vnpt.vn",
  "Port": 587,
  "UserCredential": "portal-noreply.kha@vnpt.vn",
  "UserCredentialName": "VNPT_CRM",
  "UPass": "G3g@Ht%H",
  "EnableSsl": false
}
05:20:32.422 PM PushEmail END
05:20:33.985 PM PushEmail START
05:20:34.001 PM IsOnline
05:20:34.001 PM {
  "Host": "email.vnpt.vn",
  "Port": 587,
  "UserCredential": "portal-noreply.kha@vnpt.vn",
  "UserCredentialName": "VNPT_CRM",
  "UPass": "G3g@Ht%H",
  "EnableSsl": false
}
05:20:34.922 PM PushEmail END
05:20:36.344 PM PushEmail START
05:20:36.360 PM IsOnline
05:20:36.360 PM {
  "Host": "email.vnpt.vn",
  "Port": 587,
  "UserCredential": "portal-noreply.kha@vnpt.vn",
  "UserCredentialName": "VNPT_CRM",
  "UPass": "G3g@Ht%H",
  "EnableSsl": false
}
05:20:37.266 PM PushEmail END
05:20:38.672 PM PushEmail START
05:20:38.704 PM IsOnline
05:20:38.704 PM {
  "Host": "email.vnpt.vn",
  "Port": 587,
  "UserCredential": "portal-noreply.kha@vnpt.vn",
  "UserCredentialName": "VNPT_CRM",
  "UPass": "G3g@Ht%H",
  "EnableSsl": false
}
05:20:39.626 PM PushEmail END
05:20:41.329 PM PushEmail START
05:20:41.344 PM IsOnline
05:20:41.360 PM {
  "Host": "email.vnpt.vn",
  "Port": 587,
  "UserCredential": "portal-noreply.kha@vnpt.vn",
  "UserCredentialName": "VNPT_CRM",
  "UPass": "G3g@Ht%H",
  "EnableSsl": false
}
05:20:42.282 PM PushEmail END
05:20:44.047 PM PushEmail START
05:20:44.063 PM IsOnline
05:20:44.063 PM {
  "Host": "email.vnpt.vn",
  "Port": 587,
  "UserCredential": "portal-noreply.kha@vnpt.vn",
  "UserCredentialName": "VNPT_CRM",
  "UPass": "G3g@Ht%H",
  "EnableSsl": false
}
05:20:45.001 PM PushEmail END
05:20:46.532 PM PushEmail START
05:20:46.547 PM IsOnline
05:20:46.547 PM {
  "Host": "email.vnpt.vn",
  "Port": 587,
  "UserCredential": "portal-noreply.kha@vnpt.vn",
  "UserCredentialName": "VNPT_CRM",
  "UPass": "G3g@Ht%H",
  "EnableSsl": false
}
05:20:47.532 PM PushEmail END
05:20:49.094 PM PushEmail START
05:20:49.126 PM IsOnline
05:20:49.126 PM {
  "Host": "email.vnpt.vn",
  "Port": 587,
  "UserCredential": "portal-noreply.kha@vnpt.vn",
  "UserCredentialName": "VNPT_CRM",
  "UPass": "G3g@Ht%H",
  "EnableSsl": false
}
05:20:50.063 PM PushEmail END
05:20:51.610 PM PushEmail START
05:20:51.626 PM IsOnline
05:20:51.626 PM {
  "Host": "email.vnpt.vn",
  "Port": 587,
  "UserCredential": "portal-noreply.kha@vnpt.vn",
  "UserCredentialName": "VNPT_CRM",
  "UPass": "G3g@Ht%H",
  "EnableSsl": false
}
05:20:52.829 PM PushEmail END
05:20:54.672 PM PushEmail START
05:20:54.688 PM IsOnline
05:20:54.688 PM {
  "Host": "email.vnpt.vn",
  "Port": 587,
  "UserCredential": "portal-noreply.kha@vnpt.vn",
  "UserCredentialName": "VNPT_CRM",
  "UPass": "G3g@Ht%H",
  "EnableSsl": false
}
05:20:56.126 PM PushEmail END
05:20:57.860 PM PushEmail START
05:20:57.876 PM IsOnline
05:20:57.891 PM {
  "Host": "email.vnpt.vn",
  "Port": 587,
  "UserCredential": "portal-noreply.kha@vnpt.vn",
  "UserCredentialName": "VNPT_CRM",
  "UPass": "G3g@Ht%H",
  "EnableSsl": false
}
05:20:58.954 PM PushEmail END
