11:34:18.798 AM Jobs.ClearData The type initializer for 'Job.ClearData.ClearDataModel' threw an exception.
11:34:18.798 AM Stack: at Job.ClearData.ClearDataModel..ctor()
   at Job.ClearData.ClearData.BuildJob(String sJobId, String sDescription, String sCronExpression, Object[] dataObjects)
   at CenIT.Solution.TOC.WebApp.WebApiApplication.ExecuteJob(IJobPlugable jobPlugable, SysJobModel appJobModel)
   at CenIT.Solution.TOC.WebApp.WebApiApplication.<>c__DisplayClass0_0.<Application_Start>b__2(SysJobModel j)
12:19:51.646 PM Jobs.ClearData The type initializer for 'Job.ClearData.ClearDataModel' threw an exception.
12:19:51.646 PM Stack: at Job.ClearData.ClearDataModel..ctor()
   at Job.ClearData.ClearData.BuildJob(String sJobId, String sDescription, String sCronExpression, Object[] dataObjects)
   at CenIT.Solution.TOC.WebApp.WebApiApplication.ExecuteJob(IJobPlugable jobPlugable, SysJobModel appJobModel)
   at CenIT.Solution.TOC.WebApp.WebApiApplication.<>c__DisplayClass0_0.<Application_Start>b__2(SysJobModel j)
02:21:40.941 PM Jobs.ClearData The type initializer for 'Job.ClearData.ClearDataModel' threw an exception.
02:21:40.941 PM Stack: at Job.ClearData.ClearDataModel..ctor()
   at Job.ClearData.ClearData.BuildJob(String sJobId, String sDescription, String sCronExpression, Object[] dataObjects)
   at CenIT.Solution.TOC.WebApp.WebApiApplication.ExecuteJob(IJobPlugable jobPlugable, SysJobModel appJobModel)
   at CenIT.Solution.TOC.WebApp.WebApiApplication.<>c__DisplayClass0_0.<Application_Start>b__2(SysJobModel j)
03:30:32.496 PM Jobs.ClearData The type initializer for 'Job.ClearData.ClearDataModel' threw an exception.
03:30:32.496 PM Stack: at Job.ClearData.ClearDataModel..ctor()
   at Job.ClearData.ClearData.BuildJob(String sJobId, String sDescription, String sCronExpression, Object[] dataObjects)
   at CenIT.Solution.TOC.WebApp.WebApiApplication.ExecuteJob(IJobPlugable jobPlugable, SysJobModel appJobModel)
   at CenIT.Solution.TOC.WebApp.WebApiApplication.<>c__DisplayClass0_0.<Application_Start>b__2(SysJobModel j)
