05:33:25.723 AM Jobs.ClearData The type initializer for 'Job.ClearData.ClearDataModel' threw an exception.
05:33:25.723 AM Stack: at Job.ClearData.ClearDataModel..ctor()
   at Job.ClearData.ClearData.BuildJob(String sJobId, String sDescription, String sCronExpression, Object[] dataObjects)
   at CenIT.Solution.TOC.WebApp.WebApiApplication.ExecuteJob(IJobPlugable jobPlugable, SysJobModel appJobModel)
   at CenIT.Solution.TOC.WebApp.WebApiApplication.<>c__DisplayClass0_0.<Application_Start>b__2(SysJobModel j)
06:32:06.729 AM Jobs.ClearData The type initializer for 'Job.ClearData.ClearDataModel' threw an exception.
06:32:06.729 AM Stack: at Job.ClearData.ClearDataModel..ctor()
   at Job.ClearData.ClearData.BuildJob(String sJobId, String sDescription, String sCronExpression, Object[] dataObjects)
   at CenIT.Solution.TOC.WebApp.WebApiApplication.ExecuteJob(IJobPlugable jobPlugable, SysJobModel appJobModel)
   at CenIT.Solution.TOC.WebApp.WebApiApplication.<>c__DisplayClass0_0.<Application_Start>b__2(SysJobModel j)
07:49:40.051 AM Jobs.ClearData The type initializer for 'Job.ClearData.ClearDataModel' threw an exception.
07:49:40.051 AM Stack: at Job.ClearData.ClearDataModel..ctor()
   at Job.ClearData.ClearData.BuildJob(String sJobId, String sDescription, String sCronExpression, Object[] dataObjects)
   at CenIT.Solution.TOC.WebApp.WebApiApplication.ExecuteJob(IJobPlugable jobPlugable, SysJobModel appJobModel)
   at CenIT.Solution.TOC.WebApp.WebApiApplication.<>c__DisplayClass0_0.<Application_Start>b__2(SysJobModel j)
09:19:55.467 AM Jobs.ClearData The type initializer for 'Job.ClearData.ClearDataModel' threw an exception.
09:19:55.467 AM Stack: at Job.ClearData.ClearDataModel..ctor()
   at Job.ClearData.ClearData.BuildJob(String sJobId, String sDescription, String sCronExpression, Object[] dataObjects)
   at CenIT.Solution.TOC.WebApp.WebApiApplication.ExecuteJob(IJobPlugable jobPlugable, SysJobModel appJobModel)
   at CenIT.Solution.TOC.WebApp.WebApiApplication.<>c__DisplayClass0_0.<Application_Start>b__2(SysJobModel j)
09:19:59.639 AM Jobs.ClearData The type initializer for 'Job.ClearData.ClearDataModel' threw an exception.
09:19:59.639 AM Stack: at Job.ClearData.ClearDataModel..ctor()
   at Job.ClearData.ClearData.BuildJob(String sJobId, String sDescription, String sCronExpression, Object[] dataObjects)
   at CenIT.Solution.TOC.WebApp.WebApiApplication.ExecuteJob(IJobPlugable jobPlugable, SysJobModel appJobModel)
   at CenIT.Solution.TOC.WebApp.WebApiApplication.<>c__DisplayClass0_0.<Application_Start>b__2(SysJobModel j)
09:38:32.875 AM Jobs.ClearData The type initializer for 'Job.ClearData.ClearDataModel' threw an exception.
09:38:32.875 AM Stack: at Job.ClearData.ClearDataModel..ctor()
   at Job.ClearData.ClearData.BuildJob(String sJobId, String sDescription, String sCronExpression, Object[] dataObjects)
   at CenIT.Solution.TOC.WebApp.WebApiApplication.ExecuteJob(IJobPlugable jobPlugable, SysJobModel appJobModel)
   at CenIT.Solution.TOC.WebApp.WebApiApplication.<>c__DisplayClass0_0.<Application_Start>b__2(SysJobModel j)
10:00:22.081 AM Jobs.ClearData The type initializer for 'Job.ClearData.ClearDataModel' threw an exception.
10:00:22.081 AM Stack: at Job.ClearData.ClearDataModel..ctor()
   at Job.ClearData.ClearData.BuildJob(String sJobId, String sDescription, String sCronExpression, Object[] dataObjects)
   at CenIT.Solution.TOC.WebApp.WebApiApplication.ExecuteJob(IJobPlugable jobPlugable, SysJobModel appJobModel)
   at CenIT.Solution.TOC.WebApp.WebApiApplication.<>c__DisplayClass0_0.<Application_Start>b__2(SysJobModel j)
