04:42:11.466 AM Jobs.ClearData The type initializer for 'Job.ClearData.ClearDataModel' threw an exception.
04:42:11.466 AM Stack: at Job.ClearData.ClearDataModel..ctor()
   at Job.ClearData.ClearData.BuildJob(String sJobId, String sDescription, String sCronExpression, Object[] dataObjects)
   at CenIT.Solution.TOC.WebApp.WebApiApplication.ExecuteJob(IJobPlugable jobPlugable, SysJobModel appJobModel)
   at CenIT.Solution.TOC.WebApp.WebApiApplication.<>c__DisplayClass0_0.<Application_Start>b__2(SysJobModel j)
06:53:58.371 AM Jobs.ClearData The type initializer for 'Job.ClearData.ClearDataModel' threw an exception.
06:53:58.371 AM Stack: at Job.ClearData.ClearDataModel..ctor()
   at Job.ClearData.ClearData.BuildJob(String sJobId, String sDescription, String sCronExpression, Object[] dataObjects)
   at CenIT.Solution.TOC.WebApp.WebApiApplication.ExecuteJob(IJobPlugable jobPlugable, SysJobModel appJobModel)
   at CenIT.Solution.TOC.WebApp.WebApiApplication.<>c__DisplayClass0_0.<Application_Start>b__2(SysJobModel j)
07:30:21.453 AM Jobs.ClearData The type initializer for 'Job.ClearData.ClearDataModel' threw an exception.
07:30:21.453 AM Stack: at Job.ClearData.ClearDataModel..ctor()
   at Job.ClearData.ClearData.BuildJob(String sJobId, String sDescription, String sCronExpression, Object[] dataObjects)
   at CenIT.Solution.TOC.WebApp.WebApiApplication.ExecuteJob(IJobPlugable jobPlugable, SysJobModel appJobModel)
   at CenIT.Solution.TOC.WebApp.WebApiApplication.<>c__DisplayClass0_0.<Application_Start>b__2(SysJobModel j)
06:29:32.386 PM Jobs.ClearData The type initializer for 'Job.ClearData.ClearDataModel' threw an exception.
06:29:32.386 PM Stack: at Job.ClearData.ClearDataModel..ctor()
   at Job.ClearData.ClearData.BuildJob(String sJobId, String sDescription, String sCronExpression, Object[] dataObjects)
   at CenIT.Solution.TOC.WebApp.WebApiApplication.ExecuteJob(IJobPlugable jobPlugable, SysJobModel appJobModel)
   at CenIT.Solution.TOC.WebApp.WebApiApplication.<>c__DisplayClass0_0.<Application_Start>b__2(SysJobModel j)
06:29:33.057 PM Jobs.ClearData The type initializer for 'Job.ClearData.ClearDataModel' threw an exception.
06:29:33.057 PM Stack: at Job.ClearData.ClearDataModel..ctor()
   at Job.ClearData.ClearData.BuildJob(String sJobId, String sDescription, String sCronExpression, Object[] dataObjects)
   at CenIT.Solution.TOC.WebApp.WebApiApplication.ExecuteJob(IJobPlugable jobPlugable, SysJobModel appJobModel)
   at CenIT.Solution.TOC.WebApp.WebApiApplication.<>c__DisplayClass0_0.<Application_Start>b__2(SysJobModel j)
06:29:34.620 PM Jobs.ClearData The type initializer for 'Job.ClearData.ClearDataModel' threw an exception.
06:29:34.620 PM Stack: at Job.ClearData.ClearDataModel..ctor()
   at Job.ClearData.ClearData.BuildJob(String sJobId, String sDescription, String sCronExpression, Object[] dataObjects)
   at CenIT.Solution.TOC.WebApp.WebApiApplication.ExecuteJob(IJobPlugable jobPlugable, SysJobModel appJobModel)
   at CenIT.Solution.TOC.WebApp.WebApiApplication.<>c__DisplayClass0_0.<Application_Start>b__2(SysJobModel j)
