12:54:30.686 PM Jobs.ClearData The type initializer for 'Job.ClearData.ClearDataModel' threw an exception.
12:54:30.686 PM Stack: at Job.ClearData.ClearDataModel..ctor()
   at Job.ClearData.ClearData.BuildJob(String sJobId, String sDescription, String sCronExpression, Object[] dataObjects)
   at CenIT.Solution.TOC.WebApp.WebApiApplication.ExecuteJob(IJobPlugable jobPlugable, SysJobModel appJobModel)
   at CenIT.Solution.TOC.WebApp.WebApiApplication.<>c__DisplayClass0_0.<Application_Start>b__2(SysJobModel j)
01:57:01.303 PM Jobs.ClearData The type initializer for 'Job.ClearData.ClearDataModel' threw an exception.
01:57:01.303 PM Stack: at Job.ClearData.ClearDataModel..ctor()
   at Job.ClearData.ClearData.BuildJob(String sJobId, String sDescription, String sCronExpression, Object[] dataObjects)
   at CenIT.Solution.TOC.WebApp.WebApiApplication.ExecuteJob(IJobPlugable jobPlugable, SysJobModel appJobModel)
   at CenIT.Solution.TOC.WebApp.WebApiApplication.<>c__DisplayClass0_0.<Application_Start>b__2(SysJobModel j)
03:01:10.560 PM Jobs.ClearData The type initializer for 'Job.ClearData.ClearDataModel' threw an exception.
03:01:10.560 PM Stack: at Job.ClearData.ClearDataModel..ctor()
   at Job.ClearData.ClearData.BuildJob(String sJobId, String sDescription, String sCronExpression, Object[] dataObjects)
   at CenIT.Solution.TOC.WebApp.WebApiApplication.ExecuteJob(IJobPlugable jobPlugable, SysJobModel appJobModel)
   at CenIT.Solution.TOC.WebApp.WebApiApplication.<>c__DisplayClass0_0.<Application_Start>b__2(SysJobModel j)
04:27:42.226 PM Jobs.ClearData The type initializer for 'Job.ClearData.ClearDataModel' threw an exception.
04:27:42.226 PM Stack: at Job.ClearData.ClearDataModel..ctor()
   at Job.ClearData.ClearData.BuildJob(String sJobId, String sDescription, String sCronExpression, Object[] dataObjects)
   at CenIT.Solution.TOC.WebApp.WebApiApplication.ExecuteJob(IJobPlugable jobPlugable, SysJobModel appJobModel)
   at CenIT.Solution.TOC.WebApp.WebApiApplication.<>c__DisplayClass0_0.<Application_Start>b__2(SysJobModel j)
05:13:12.168 PM Jobs.ClearData The type initializer for 'Job.ClearData.ClearDataModel' threw an exception.
05:13:12.168 PM Stack: at Job.ClearData.ClearDataModel..ctor()
   at Job.ClearData.ClearData.BuildJob(String sJobId, String sDescription, String sCronExpression, Object[] dataObjects)
   at CenIT.Solution.TOC.WebApp.WebApiApplication.ExecuteJob(IJobPlugable jobPlugable, SysJobModel appJobModel)
   at CenIT.Solution.TOC.WebApp.WebApiApplication.<>c__DisplayClass0_0.<Application_Start>b__2(SysJobModel j)
