10:09:07.783 AM Jobs.ClearData The type initializer for 'Job.ClearData.ClearDataModel' threw an exception.
10:09:07.783 AM Stack: at Job.ClearData.ClearDataModel..ctor()
   at Job.ClearData.ClearData.BuildJob(String sJobId, String sDescription, String sCronExpression, Object[] dataObjects)
   at CenIT.Solution.TOC.WebApp.WebApiApplication.ExecuteJob(IJobPlugable jobPlugable, SysJobModel appJobModel) in D:\VNPT\CRM\trunk\source\CenIT.Solution.TOC.WebApp\Global.asax.cs:line 104
   at CenIT.Solution.TOC.WebApp.WebApiApplication.<>c__DisplayClass0_0.<Application_Start>b__2(SysJobModel j) in D:\VNPT\CRM\trunk\source\CenIT.Solution.TOC.WebApp\Global.asax.cs:line 62
10:15:47.658 AM Jobs.ClearData The type initializer for 'Job.ClearData.ClearDataModel' threw an exception.
10:15:47.658 AM Stack: at Job.ClearData.ClearDataModel..ctor()
   at Job.ClearData.ClearData.BuildJob(String sJobId, String sDescription, String sCronExpression, Object[] dataObjects)
   at CenIT.Solution.TOC.WebApp.WebApiApplication.ExecuteJob(IJobPlugable jobPlugable, SysJobModel appJobModel) in D:\VNPT\CRM\trunk\source\CenIT.Solution.TOC.WebApp\Global.asax.cs:line 104
   at CenIT.Solution.TOC.WebApp.WebApiApplication.<>c__DisplayClass0_0.<Application_Start>b__2(SysJobModel j) in D:\VNPT\CRM\trunk\source\CenIT.Solution.TOC.WebApp\Global.asax.cs:line 62
10:25:50.005 AM Jobs.ClearData The type initializer for 'Job.ClearData.ClearDataModel' threw an exception.
10:25:50.006 AM Stack: at Job.ClearData.ClearDataModel..ctor()
   at Job.ClearData.ClearData.BuildJob(String sJobId, String sDescription, String sCronExpression, Object[] dataObjects)
   at CenIT.Solution.TOC.WebApp.WebApiApplication.ExecuteJob(IJobPlugable jobPlugable, SysJobModel appJobModel) in D:\VNPT\CRM\trunk\source\CenIT.Solution.TOC.WebApp\Global.asax.cs:line 104
   at CenIT.Solution.TOC.WebApp.WebApiApplication.<>c__DisplayClass0_0.<Application_Start>b__2(SysJobModel j) in D:\VNPT\CRM\trunk\source\CenIT.Solution.TOC.WebApp\Global.asax.cs:line 62
10:26:57.014 AM Jobs.ClearData The type initializer for 'Job.ClearData.ClearDataModel' threw an exception.
10:26:57.014 AM Stack: at Job.ClearData.ClearDataModel..ctor()
   at Job.ClearData.ClearData.BuildJob(String sJobId, String sDescription, String sCronExpression, Object[] dataObjects)
   at CenIT.Solution.TOC.WebApp.WebApiApplication.ExecuteJob(IJobPlugable jobPlugable, SysJobModel appJobModel) in D:\VNPT\CRM\trunk\source\CenIT.Solution.TOC.WebApp\Global.asax.cs:line 104
   at CenIT.Solution.TOC.WebApp.WebApiApplication.<>c__DisplayClass0_0.<Application_Start>b__2(SysJobModel j) in D:\VNPT\CRM\trunk\source\CenIT.Solution.TOC.WebApp\Global.asax.cs:line 62
10:31:13.659 AM Jobs.ClearData The type initializer for 'Job.ClearData.ClearDataModel' threw an exception.
10:31:13.659 AM Stack: at Job.ClearData.ClearDataModel..ctor()
   at Job.ClearData.ClearData.BuildJob(String sJobId, String sDescription, String sCronExpression, Object[] dataObjects)
   at CenIT.Solution.TOC.WebApp.WebApiApplication.ExecuteJob(IJobPlugable jobPlugable, SysJobModel appJobModel) in D:\VNPT\CRM\trunk\source\CenIT.Solution.TOC.WebApp\Global.asax.cs:line 104
   at CenIT.Solution.TOC.WebApp.WebApiApplication.<>c__DisplayClass0_0.<Application_Start>b__2(SysJobModel j) in D:\VNPT\CRM\trunk\source\CenIT.Solution.TOC.WebApp\Global.asax.cs:line 62
10:31:37.485 AM Jobs.ClearData The type initializer for 'Job.ClearData.ClearDataModel' threw an exception.
10:31:37.485 AM Stack: at Job.ClearData.ClearDataModel..ctor()
   at Job.ClearData.ClearData.BuildJob(String sJobId, String sDescription, String sCronExpression, Object[] dataObjects)
   at CenIT.Solution.TOC.WebApp.WebApiApplication.ExecuteJob(IJobPlugable jobPlugable, SysJobModel appJobModel) in D:\VNPT\CRM\trunk\source\CenIT.Solution.TOC.WebApp\Global.asax.cs:line 104
   at CenIT.Solution.TOC.WebApp.WebApiApplication.<>c__DisplayClass0_0.<Application_Start>b__2(SysJobModel j) in D:\VNPT\CRM\trunk\source\CenIT.Solution.TOC.WebApp\Global.asax.cs:line 62
10:39:11.380 AM Jobs.ClearData The type initializer for 'Job.ClearData.ClearDataModel' threw an exception.
10:39:11.380 AM Stack: at Job.ClearData.ClearDataModel..ctor()
   at Job.ClearData.ClearData.BuildJob(String sJobId, String sDescription, String sCronExpression, Object[] dataObjects)
   at CenIT.Solution.TOC.WebApp.WebApiApplication.ExecuteJob(IJobPlugable jobPlugable, SysJobModel appJobModel) in D:\VNPT\CRM\trunk\source\CenIT.Solution.TOC.WebApp\Global.asax.cs:line 104
   at CenIT.Solution.TOC.WebApp.WebApiApplication.<>c__DisplayClass0_0.<Application_Start>b__2(SysJobModel j) in D:\VNPT\CRM\trunk\source\CenIT.Solution.TOC.WebApp\Global.asax.cs:line 62
10:50:31.584 AM Jobs.ClearData The type initializer for 'Job.ClearData.ClearDataModel' threw an exception.
10:50:31.584 AM Stack: at Job.ClearData.ClearDataModel..ctor()
   at Job.ClearData.ClearData.BuildJob(String sJobId, String sDescription, String sCronExpression, Object[] dataObjects)
   at CenIT.Solution.TOC.WebApp.WebApiApplication.ExecuteJob(IJobPlugable jobPlugable, SysJobModel appJobModel) in D:\VNPT\CRM\trunk\source\CenIT.Solution.TOC.WebApp\Global.asax.cs:line 104
   at CenIT.Solution.TOC.WebApp.WebApiApplication.<>c__DisplayClass0_0.<Application_Start>b__2(SysJobModel j) in D:\VNPT\CRM\trunk\source\CenIT.Solution.TOC.WebApp\Global.asax.cs:line 62
10:51:43.464 AM Jobs.ClearData The type initializer for 'Job.ClearData.ClearDataModel' threw an exception.
10:51:43.465 AM Stack: at Job.ClearData.ClearDataModel..ctor()
   at Job.ClearData.ClearData.BuildJob(String sJobId, String sDescription, String sCronExpression, Object[] dataObjects)
   at CenIT.Solution.TOC.WebApp.WebApiApplication.ExecuteJob(IJobPlugable jobPlugable, SysJobModel appJobModel)
   at CenIT.Solution.TOC.WebApp.WebApiApplication.<>c__DisplayClass0_0.<Application_Start>b__2(SysJobModel j)
10:52:22.652 AM Jobs.ClearData The type initializer for 'Job.ClearData.ClearDataModel' threw an exception.
10:52:22.652 AM Stack: at Job.ClearData.ClearDataModel..ctor()
   at Job.ClearData.ClearData.BuildJob(String sJobId, String sDescription, String sCronExpression, Object[] dataObjects)
   at CenIT.Solution.TOC.WebApp.WebApiApplication.ExecuteJob(IJobPlugable jobPlugable, SysJobModel appJobModel) in D:\VNPT\CRM\trunk\source\CenIT.Solution.TOC.WebApp\Global.asax.cs:line 104
   at CenIT.Solution.TOC.WebApp.WebApiApplication.<>c__DisplayClass0_0.<Application_Start>b__2(SysJobModel j) in D:\VNPT\CRM\trunk\source\CenIT.Solution.TOC.WebApp\Global.asax.cs:line 62
10:56:09.714 AM Jobs.ClearData The type initializer for 'Job.ClearData.ClearDataModel' threw an exception.
10:56:09.715 AM Stack: at Job.ClearData.ClearDataModel..ctor()
   at Job.ClearData.ClearData.BuildJob(String sJobId, String sDescription, String sCronExpression, Object[] dataObjects)
   at CenIT.Solution.TOC.WebApp.WebApiApplication.ExecuteJob(IJobPlugable jobPlugable, SysJobModel appJobModel) in D:\VNPT\CRM\trunk\source\CenIT.Solution.TOC.WebApp\Global.asax.cs:line 104
   at CenIT.Solution.TOC.WebApp.WebApiApplication.<>c__DisplayClass0_0.<Application_Start>b__2(SysJobModel j) in D:\VNPT\CRM\trunk\source\CenIT.Solution.TOC.WebApp\Global.asax.cs:line 62
10:56:20.765 AM Jobs.ClearData The type initializer for 'Job.ClearData.ClearDataModel' threw an exception.
10:56:20.765 AM Stack: at Job.ClearData.ClearDataModel..ctor()
   at Job.ClearData.ClearData.BuildJob(String sJobId, String sDescription, String sCronExpression, Object[] dataObjects)
   at CenIT.Solution.TOC.WebApp.WebApiApplication.ExecuteJob(IJobPlugable jobPlugable, SysJobModel appJobModel) in D:\VNPT\CRM\trunk\source\CenIT.Solution.TOC.WebApp\Global.asax.cs:line 104
   at CenIT.Solution.TOC.WebApp.WebApiApplication.<>c__DisplayClass0_0.<Application_Start>b__2(SysJobModel j) in D:\VNPT\CRM\trunk\source\CenIT.Solution.TOC.WebApp\Global.asax.cs:line 62
11:20:57.920 AM Jobs.ClearData The type initializer for 'Job.ClearData.ClearDataModel' threw an exception.
11:20:57.920 AM Stack: at Job.ClearData.ClearDataModel..ctor()
   at Job.ClearData.ClearData.BuildJob(String sJobId, String sDescription, String sCronExpression, Object[] dataObjects)
   at CenIT.Solution.TOC.WebApp.WebApiApplication.ExecuteJob(IJobPlugable jobPlugable, SysJobModel appJobModel) in D:\VNPT\CRM\trunk\source\CenIT.Solution.TOC.WebApp\Global.asax.cs:line 104
   at CenIT.Solution.TOC.WebApp.WebApiApplication.<>c__DisplayClass0_0.<Application_Start>b__2(SysJobModel j) in D:\VNPT\CRM\trunk\source\CenIT.Solution.TOC.WebApp\Global.asax.cs:line 62
11:21:18.287 AM Jobs.ClearData The type initializer for 'Job.ClearData.ClearDataModel' threw an exception.
11:21:18.287 AM Stack: at Job.ClearData.ClearDataModel..ctor()
   at Job.ClearData.ClearData.BuildJob(String sJobId, String sDescription, String sCronExpression, Object[] dataObjects)
   at CenIT.Solution.TOC.WebApp.WebApiApplication.ExecuteJob(IJobPlugable jobPlugable, SysJobModel appJobModel) in D:\VNPT\CRM\trunk\source\CenIT.Solution.TOC.WebApp\Global.asax.cs:line 104
   at CenIT.Solution.TOC.WebApp.WebApiApplication.<>c__DisplayClass0_0.<Application_Start>b__2(SysJobModel j) in D:\VNPT\CRM\trunk\source\CenIT.Solution.TOC.WebApp\Global.asax.cs:line 62
11:22:51.934 AM Jobs.ClearData The type initializer for 'Job.ClearData.ClearDataModel' threw an exception.
11:22:51.934 AM Stack: at Job.ClearData.ClearDataModel..ctor()
   at Job.ClearData.ClearData.BuildJob(String sJobId, String sDescription, String sCronExpression, Object[] dataObjects)
   at CenIT.Solution.TOC.WebApp.WebApiApplication.ExecuteJob(IJobPlugable jobPlugable, SysJobModel appJobModel) in D:\VNPT\CRM\trunk\source\CenIT.Solution.TOC.WebApp\Global.asax.cs:line 104
   at CenIT.Solution.TOC.WebApp.WebApiApplication.<>c__DisplayClass0_0.<Application_Start>b__2(SysJobModel j) in D:\VNPT\CRM\trunk\source\CenIT.Solution.TOC.WebApp\Global.asax.cs:line 62
11:26:07.938 AM Jobs.ClearData The type initializer for 'Job.ClearData.ClearDataModel' threw an exception.
11:26:07.938 AM Stack: at Job.ClearData.ClearDataModel..ctor()
   at Job.ClearData.ClearData.BuildJob(String sJobId, String sDescription, String sCronExpression, Object[] dataObjects)
   at CenIT.Solution.TOC.WebApp.WebApiApplication.ExecuteJob(IJobPlugable jobPlugable, SysJobModel appJobModel) in D:\VNPT\CRM\trunk\source\CenIT.Solution.TOC.WebApp\Global.asax.cs:line 104
   at CenIT.Solution.TOC.WebApp.WebApiApplication.<>c__DisplayClass0_0.<Application_Start>b__2(SysJobModel j) in D:\VNPT\CRM\trunk\source\CenIT.Solution.TOC.WebApp\Global.asax.cs:line 62
02:10:58.374 PM Jobs.ClearData The type initializer for 'Job.ClearData.ClearDataModel' threw an exception.
02:10:58.374 PM Stack: at Job.ClearData.ClearDataModel..ctor()
   at Job.ClearData.ClearData.BuildJob(String sJobId, String sDescription, String sCronExpression, Object[] dataObjects)
   at CenIT.Solution.TOC.WebApp.WebApiApplication.ExecuteJob(IJobPlugable jobPlugable, SysJobModel appJobModel) in D:\VNPT\CRM\trunk\source\CenIT.Solution.TOC.WebApp\Global.asax.cs:line 104
   at CenIT.Solution.TOC.WebApp.WebApiApplication.<>c__DisplayClass0_0.<Application_Start>b__2(SysJobModel j) in D:\VNPT\CRM\trunk\source\CenIT.Solution.TOC.WebApp\Global.asax.cs:line 62
02:55:08.368 PM Jobs.ClearData The type initializer for 'Job.ClearData.ClearDataModel' threw an exception.
02:55:08.368 PM Stack: at Job.ClearData.ClearDataModel..ctor()
   at Job.ClearData.ClearData.BuildJob(String sJobId, String sDescription, String sCronExpression, Object[] dataObjects)
   at CenIT.Solution.TOC.WebApp.WebApiApplication.ExecuteJob(IJobPlugable jobPlugable, SysJobModel appJobModel) in D:\VNPT\CRM\trunk\source\CenIT.Solution.TOC.WebApp\Global.asax.cs:line 104
   at CenIT.Solution.TOC.WebApp.WebApiApplication.<>c__DisplayClass0_0.<Application_Start>b__2(SysJobModel j) in D:\VNPT\CRM\trunk\source\CenIT.Solution.TOC.WebApp\Global.asax.cs:line 62
02:56:26.291 PM Jobs.ClearData The type initializer for 'Job.ClearData.ClearDataModel' threw an exception.
02:56:26.291 PM Stack: at Job.ClearData.ClearDataModel..ctor()
   at Job.ClearData.ClearData.BuildJob(String sJobId, String sDescription, String sCronExpression, Object[] dataObjects)
   at CenIT.Solution.TOC.WebApp.WebApiApplication.ExecuteJob(IJobPlugable jobPlugable, SysJobModel appJobModel) in D:\VNPT\CRM\trunk\source\CenIT.Solution.TOC.WebApp\Global.asax.cs:line 104
   at CenIT.Solution.TOC.WebApp.WebApiApplication.<>c__DisplayClass0_0.<Application_Start>b__2(SysJobModel j) in D:\VNPT\CRM\trunk\source\CenIT.Solution.TOC.WebApp\Global.asax.cs:line 62
03:12:36.251 PM Jobs.ClearData The type initializer for 'Job.ClearData.ClearDataModel' threw an exception.
03:12:36.251 PM Stack: at Job.ClearData.ClearDataModel..ctor()
   at Job.ClearData.ClearData.BuildJob(String sJobId, String sDescription, String sCronExpression, Object[] dataObjects)
   at CenIT.Solution.TOC.WebApp.WebApiApplication.ExecuteJob(IJobPlugable jobPlugable, SysJobModel appJobModel) in D:\VNPT\CRM\trunk\source\CenIT.Solution.TOC.WebApp\Global.asax.cs:line 104
   at CenIT.Solution.TOC.WebApp.WebApiApplication.<>c__DisplayClass0_0.<Application_Start>b__2(SysJobModel j) in D:\VNPT\CRM\trunk\source\CenIT.Solution.TOC.WebApp\Global.asax.cs:line 62
03:15:03.488 PM Jobs.ClearData The type initializer for 'Job.ClearData.ClearDataModel' threw an exception.
03:15:03.488 PM Stack: at Job.ClearData.ClearDataModel..ctor()
   at Job.ClearData.ClearData.BuildJob(String sJobId, String sDescription, String sCronExpression, Object[] dataObjects)
   at CenIT.Solution.TOC.WebApp.WebApiApplication.ExecuteJob(IJobPlugable jobPlugable, SysJobModel appJobModel) in D:\VNPT\CRM\trunk\source\CenIT.Solution.TOC.WebApp\Global.asax.cs:line 104
   at CenIT.Solution.TOC.WebApp.WebApiApplication.<>c__DisplayClass0_0.<Application_Start>b__2(SysJobModel j) in D:\VNPT\CRM\trunk\source\CenIT.Solution.TOC.WebApp\Global.asax.cs:line 62
03:23:15.679 PM Jobs.ClearData The type initializer for 'Job.ClearData.ClearDataModel' threw an exception.
03:23:15.680 PM Stack: at Job.ClearData.ClearDataModel..ctor()
   at Job.ClearData.ClearData.BuildJob(String sJobId, String sDescription, String sCronExpression, Object[] dataObjects)
   at CenIT.Solution.TOC.WebApp.WebApiApplication.ExecuteJob(IJobPlugable jobPlugable, SysJobModel appJobModel) in D:\VNPT\CRM\trunk\source\CenIT.Solution.TOC.WebApp\Global.asax.cs:line 104
   at CenIT.Solution.TOC.WebApp.WebApiApplication.<>c__DisplayClass0_0.<Application_Start>b__2(SysJobModel j) in D:\VNPT\CRM\trunk\source\CenIT.Solution.TOC.WebApp\Global.asax.cs:line 62
03:23:28.245 PM Jobs.ClearData The type initializer for 'Job.ClearData.ClearDataModel' threw an exception.
03:23:28.246 PM Stack: at Job.ClearData.ClearDataModel..ctor()
   at Job.ClearData.ClearData.BuildJob(String sJobId, String sDescription, String sCronExpression, Object[] dataObjects)
   at CenIT.Solution.TOC.WebApp.WebApiApplication.ExecuteJob(IJobPlugable jobPlugable, SysJobModel appJobModel) in D:\VNPT\CRM\trunk\source\CenIT.Solution.TOC.WebApp\Global.asax.cs:line 104
   at CenIT.Solution.TOC.WebApp.WebApiApplication.<>c__DisplayClass0_0.<Application_Start>b__2(SysJobModel j) in D:\VNPT\CRM\trunk\source\CenIT.Solution.TOC.WebApp\Global.asax.cs:line 62
03:39:16.319 PM Jobs.ClearData The type initializer for 'Job.ClearData.ClearDataModel' threw an exception.
03:39:16.319 PM Stack: at Job.ClearData.ClearDataModel..ctor()
   at Job.ClearData.ClearData.BuildJob(String sJobId, String sDescription, String sCronExpression, Object[] dataObjects)
   at CenIT.Solution.TOC.WebApp.WebApiApplication.ExecuteJob(IJobPlugable jobPlugable, SysJobModel appJobModel) in D:\VNPT\CRM\trunk\source\CenIT.Solution.TOC.WebApp\Global.asax.cs:line 104
   at CenIT.Solution.TOC.WebApp.WebApiApplication.<>c__DisplayClass0_0.<Application_Start>b__2(SysJobModel j) in D:\VNPT\CRM\trunk\source\CenIT.Solution.TOC.WebApp\Global.asax.cs:line 62
03:40:35.942 PM Jobs.ClearData The type initializer for 'Job.ClearData.ClearDataModel' threw an exception.
03:40:35.942 PM Stack: at Job.ClearData.ClearDataModel..ctor()
   at Job.ClearData.ClearData.BuildJob(String sJobId, String sDescription, String sCronExpression, Object[] dataObjects)
   at CenIT.Solution.TOC.WebApp.WebApiApplication.ExecuteJob(IJobPlugable jobPlugable, SysJobModel appJobModel) in D:\VNPT\CRM\trunk\source\CenIT.Solution.TOC.WebApp\Global.asax.cs:line 104
   at CenIT.Solution.TOC.WebApp.WebApiApplication.<>c__DisplayClass0_0.<Application_Start>b__2(SysJobModel j) in D:\VNPT\CRM\trunk\source\CenIT.Solution.TOC.WebApp\Global.asax.cs:line 62
03:40:46.561 PM Jobs.ClearData The type initializer for 'Job.ClearData.ClearDataModel' threw an exception.
03:40:46.561 PM Stack: at Job.ClearData.ClearDataModel..ctor()
   at Job.ClearData.ClearData.BuildJob(String sJobId, String sDescription, String sCronExpression, Object[] dataObjects)
   at CenIT.Solution.TOC.WebApp.WebApiApplication.ExecuteJob(IJobPlugable jobPlugable, SysJobModel appJobModel) in D:\VNPT\CRM\trunk\source\CenIT.Solution.TOC.WebApp\Global.asax.cs:line 104
   at CenIT.Solution.TOC.WebApp.WebApiApplication.<>c__DisplayClass0_0.<Application_Start>b__2(SysJobModel j) in D:\VNPT\CRM\trunk\source\CenIT.Solution.TOC.WebApp\Global.asax.cs:line 62
03:45:24.532 PM Jobs.ClearData The type initializer for 'Job.ClearData.ClearDataModel' threw an exception.
03:45:24.532 PM Stack: at Job.ClearData.ClearDataModel..ctor()
   at Job.ClearData.ClearData.BuildJob(String sJobId, String sDescription, String sCronExpression, Object[] dataObjects)
   at CenIT.Solution.TOC.WebApp.WebApiApplication.ExecuteJob(IJobPlugable jobPlugable, SysJobModel appJobModel) in D:\VNPT\CRM\trunk\source\CenIT.Solution.TOC.WebApp\Global.asax.cs:line 104
   at CenIT.Solution.TOC.WebApp.WebApiApplication.<>c__DisplayClass0_0.<Application_Start>b__2(SysJobModel j) in D:\VNPT\CRM\trunk\source\CenIT.Solution.TOC.WebApp\Global.asax.cs:line 62
03:45:33.845 PM Jobs.ClearData The type initializer for 'Job.ClearData.ClearDataModel' threw an exception.
03:45:33.845 PM Stack: at Job.ClearData.ClearDataModel..ctor()
   at Job.ClearData.ClearData.BuildJob(String sJobId, String sDescription, String sCronExpression, Object[] dataObjects)
   at CenIT.Solution.TOC.WebApp.WebApiApplication.ExecuteJob(IJobPlugable jobPlugable, SysJobModel appJobModel) in D:\VNPT\CRM\trunk\source\CenIT.Solution.TOC.WebApp\Global.asax.cs:line 104
   at CenIT.Solution.TOC.WebApp.WebApiApplication.<>c__DisplayClass0_0.<Application_Start>b__2(SysJobModel j) in D:\VNPT\CRM\trunk\source\CenIT.Solution.TOC.WebApp\Global.asax.cs:line 62
03:45:42.842 PM Jobs.ClearData The type initializer for 'Job.ClearData.ClearDataModel' threw an exception.
03:45:42.842 PM Stack: at Job.ClearData.ClearDataModel..ctor()
   at Job.ClearData.ClearData.BuildJob(String sJobId, String sDescription, String sCronExpression, Object[] dataObjects)
   at CenIT.Solution.TOC.WebApp.WebApiApplication.ExecuteJob(IJobPlugable jobPlugable, SysJobModel appJobModel) in D:\VNPT\CRM\trunk\source\CenIT.Solution.TOC.WebApp\Global.asax.cs:line 104
   at CenIT.Solution.TOC.WebApp.WebApiApplication.<>c__DisplayClass0_0.<Application_Start>b__2(SysJobModel j) in D:\VNPT\CRM\trunk\source\CenIT.Solution.TOC.WebApp\Global.asax.cs:line 62
03:49:39.146 PM Jobs.ClearData The type initializer for 'Job.ClearData.ClearDataModel' threw an exception.
03:49:39.146 PM Stack: at Job.ClearData.ClearDataModel..ctor()
   at Job.ClearData.ClearData.BuildJob(String sJobId, String sDescription, String sCronExpression, Object[] dataObjects)
   at CenIT.Solution.TOC.WebApp.WebApiApplication.ExecuteJob(IJobPlugable jobPlugable, SysJobModel appJobModel) in D:\VNPT\CRM\trunk\source\CenIT.Solution.TOC.WebApp\Global.asax.cs:line 104
   at CenIT.Solution.TOC.WebApp.WebApiApplication.<>c__DisplayClass0_0.<Application_Start>b__2(SysJobModel j) in D:\VNPT\CRM\trunk\source\CenIT.Solution.TOC.WebApp\Global.asax.cs:line 62
03:50:09.428 PM Jobs.ClearData The type initializer for 'Job.ClearData.ClearDataModel' threw an exception.
03:50:09.428 PM Stack: at Job.ClearData.ClearDataModel..ctor()
   at Job.ClearData.ClearData.BuildJob(String sJobId, String sDescription, String sCronExpression, Object[] dataObjects)
   at CenIT.Solution.TOC.WebApp.WebApiApplication.ExecuteJob(IJobPlugable jobPlugable, SysJobModel appJobModel) in D:\VNPT\CRM\trunk\source\CenIT.Solution.TOC.WebApp\Global.asax.cs:line 104
   at CenIT.Solution.TOC.WebApp.WebApiApplication.<>c__DisplayClass0_0.<Application_Start>b__2(SysJobModel j) in D:\VNPT\CRM\trunk\source\CenIT.Solution.TOC.WebApp\Global.asax.cs:line 62
04:11:44.260 PM Jobs.ClearData The type initializer for 'Job.ClearData.ClearDataModel' threw an exception.
04:11:44.260 PM Stack: at Job.ClearData.ClearDataModel..ctor()
   at Job.ClearData.ClearData.BuildJob(String sJobId, String sDescription, String sCronExpression, Object[] dataObjects)
   at CenIT.Solution.TOC.WebApp.WebApiApplication.ExecuteJob(IJobPlugable jobPlugable, SysJobModel appJobModel) in D:\VNPT\CRM\trunk\source\CenIT.Solution.TOC.WebApp\Global.asax.cs:line 104
   at CenIT.Solution.TOC.WebApp.WebApiApplication.<>c__DisplayClass0_0.<Application_Start>b__2(SysJobModel j) in D:\VNPT\CRM\trunk\source\CenIT.Solution.TOC.WebApp\Global.asax.cs:line 62
04:14:02.676 PM Jobs.ClearData The type initializer for 'Job.ClearData.ClearDataModel' threw an exception.
04:14:02.677 PM Stack: at Job.ClearData.ClearDataModel..ctor()
   at Job.ClearData.ClearData.BuildJob(String sJobId, String sDescription, String sCronExpression, Object[] dataObjects)
   at CenIT.Solution.TOC.WebApp.WebApiApplication.ExecuteJob(IJobPlugable jobPlugable, SysJobModel appJobModel) in D:\VNPT\CRM\trunk\source\CenIT.Solution.TOC.WebApp\Global.asax.cs:line 104
   at CenIT.Solution.TOC.WebApp.WebApiApplication.<>c__DisplayClass0_0.<Application_Start>b__2(SysJobModel j) in D:\VNPT\CRM\trunk\source\CenIT.Solution.TOC.WebApp\Global.asax.cs:line 62
